[2026-03-13 12:21:05,928: INFO: main:Welcome to our custom log]
[2026-03-13 17:36:56,289: INFO: common:yaml file: config/config.yaml loaded successfully]
[2026-03-13 17:36:56,312: INFO: common:yaml file: params.yaml loaded successfully]
[2026-03-13 17:36:56,322: INFO: common:created directory at: artifacts]
[2026-03-13 17:36:56,328: INFO: common:created directory at: artifacts/data_ingestion]
[2026-03-13 17:39:43,542: INFO: common:yaml file: config/config.yaml loaded successfully]
[2026-03-13 17:39:43,555: INFO: common:yaml file: params.yaml loaded successfully]
[2026-03-13 17:39:43,559: INFO: common:created directory at: artifacts]
[2026-03-13 17:39:43,561: INFO: common:created directory at: artifacts/data_ingestion]
[2026-03-13 17:46:12,948: INFO: common:yaml file: config/config.yaml loaded successfully]
[2026-03-13 17:46:12,952: INFO: common:yaml file: params.yaml loaded successfully]
[2026-03-13 17:46:12,954: INFO: common:created directory at: artifacts]
[2026-03-13 17:46:12,957: INFO: common:created directory at: artifacts/data_ingestion]
[2026-03-13 17:46:12,961: INFO: 3341818334:Downloading data from https://drive.google.com/file/d/1vlhZ5c7abUKF8xXERIw6m9Te8fW7ohw3/view?usp=sharing into file artifacts/data_ingestion/data.zip]
[2026-03-13 17:46:46,004: INFO: 3341818334:Downloaded data from https://drive.google.com/file/d/1vlhZ5c7abUKF8xXERIw6m9Te8fW7ohw3/view?usp=sharing into file artifacts/data_ingestion/data.zip]
[2026-03-14 10:04:30,263: INFO: common:yaml file: config/config.yaml loaded successfully]
[2026-03-14 10:04:30,285: INFO: common:yaml file: params.yaml loaded successfully]
[2026-03-14 10:04:30,293: INFO: common:created directory at: artifacts]
[2026-03-14 10:04:30,300: INFO: common:created directory at: artifacts/prepare_base_model]
[2026-03-14 10:08:38,884: WARNING: saving_utils:Compiled the loaded model, but the compiled metrics have yet to be built. `model.compile_metrics` will be empty until you train or evaluate the model.]
[2026-03-14 10:21:29,617: INFO: common:yaml file: config/config.yaml loaded successfully]
[2026-03-14 10:21:29,627: INFO: common:yaml file: params.yaml loaded successfully]
[2026-03-14 10:21:29,632: INFO: common:created directory at: artifacts]
[2026-03-14 10:21:29,637: INFO: common:created directory at: artifacts/prepare_base_model]
[2026-03-14 10:21:30,403: WARNING: saving_utils:Compiled the loaded model, but the compiled metrics have yet to be built. `model.compile_metrics` will be empty until you train or evaluate the model.]
[2026-03-14 10:23:02,641: INFO: common:yaml file: config/config.yaml loaded successfully]
[2026-03-14 10:23:02,656: INFO: common:yaml file: params.yaml loaded successfully]
[2026-03-14 10:23:02,665: INFO: common:created directory at: artifacts]
[2026-03-14 10:23:02,669: INFO: common:created directory at: artifacts/prepare_base_model]
[2026-03-14 10:23:03,140: WARNING: saving_utils:Compiled the loaded model, but the compiled metrics have yet to be built. `model.compile_metrics` will be empty until you train or evaluate the model.]
[2026-03-14 10:27:54,111: INFO: common:yaml file: config/config.yaml loaded successfully]
[2026-03-14 10:27:54,119: INFO: common:yaml file: params.yaml loaded successfully]
[2026-03-14 10:27:54,125: INFO: common:created directory at: artifacts]
[2026-03-14 10:27:54,129: INFO: common:created directory at: artifacts/prepare_base_model]
[2026-03-14 10:27:54,663: WARNING: saving_utils:Compiled the loaded model, but the compiled metrics have yet to be built. `model.compile_metrics` will be empty until you train or evaluate the model.]
[2026-03-14 10:53:27,474: INFO: main:>>>>>> stage Data Ingestion stage started <<<<<< ]
[2026-03-14 10:53:27,475: INFO: common:yaml file: config/config.yaml loaded successfully]
[2026-03-14 10:53:27,477: INFO: common:yaml file: params.yaml loaded successfully]
[2026-03-14 10:53:27,477: INFO: common:created directory at: artifacts]
[2026-03-14 10:53:27,478: INFO: common:created directory at: artifacts/data_ingestion]
[2026-03-14 10:53:27,478: INFO: data_ingestion:Downloading data from https://drive.google.com/file/d/1vlhZ5c7abUKF8xXERIw6m9Te8fW7ohw3/view?usp=sharing into file artifacts/data_ingestion/data.zip]
[2026-03-14 10:53:52,735: INFO: data_ingestion:Downloaded data from https://drive.google.com/file/d/1vlhZ5c7abUKF8xXERIw6m9Te8fW7ohw3/view?usp=sharing into file artifacts/data_ingestion/data.zip]
[2026-03-14 10:53:53,299: INFO: main:>>>>>> stage Data Ingestion stage completed <<<<<< 

x ========== x]
[2026-03-14 10:53:53,299: INFO: main:*******************]
[2026-03-14 10:53:53,299: INFO: main:>>>>>> stage Prepare base model stage started <<<<<< ]
[2026-03-14 10:53:53,300: INFO: common:yaml file: config/config.yaml loaded successfully]
[2026-03-14 10:53:53,301: INFO: common:yaml file: params.yaml loaded successfully]
[2026-03-14 10:53:53,301: INFO: common:created directory at: artifacts]
[2026-03-14 10:53:53,302: INFO: common:created directory at: artifacts/prepare_base_model]
[2026-03-14 10:53:53,876: WARNING: saving_utils:Compiled the loaded model, but the compiled metrics have yet to be built. `model.compile_metrics` will be empty until you train or evaluate the model.]
[2026-03-14 10:53:54,109: INFO: main:>>>>>> stage Prepare base model stage completed <<<<<< 

x ========== x]
[2026-03-14 11:43:43,307: INFO: common:yaml file: config/config.yaml loaded successfully]
[2026-03-14 11:43:43,322: INFO: common:yaml file: params.yaml loaded successfully]
[2026-03-14 11:43:43,324: INFO: common:created directory at: artifacts]
[2026-03-14 11:47:47,354: INFO: common:yaml file: config/config.yaml loaded successfully]
[2026-03-14 11:47:47,359: INFO: common:yaml file: params.yaml loaded successfully]
[2026-03-14 11:47:47,364: INFO: common:created directory at: artifacts]
[2026-03-14 11:52:56,366: INFO: common:yaml file: config/config.yaml loaded successfully]
[2026-03-14 11:52:56,372: INFO: common:yaml file: params.yaml loaded successfully]
[2026-03-14 11:52:56,375: INFO: common:created directory at: artifacts]
[2026-03-14 12:05:31,388: INFO: common:yaml file: config/config.yaml loaded successfully]
[2026-03-14 12:05:31,401: INFO: common:yaml file: params.yaml loaded successfully]
[2026-03-14 12:05:31,407: INFO: common:created directory at: artifacts]
[2026-03-14 12:05:31,424: INFO: common:created directory at: artifacts/training]
[2026-03-14 12:07:23,403: INFO: common:yaml file: config/config.yaml loaded successfully]
[2026-03-14 12:07:23,410: INFO: common:yaml file: params.yaml loaded successfully]
[2026-03-14 12:07:23,414: INFO: common:created directory at: artifacts]
[2026-03-14 12:07:23,417: INFO: common:created directory at: artifacts/training]
[2026-03-15 06:49:30,171: INFO: common:yaml file: config/config.yaml loaded successfully]
[2026-03-15 06:49:30,181: INFO: common:yaml file: params.yaml loaded successfully]
[2026-03-15 06:49:30,191: INFO: common:created directory at: artifacts]
[2026-03-15 06:50:01,064: INFO: common:json file saved at: scores.json]
[2026-03-15 06:50:05,914: WARNING: save:Found untraced functions such as _jit_compiled_convolution_op, _jit_compiled_convolution_op, _jit_compiled_convolution_op, _jit_compiled_convolution_op, _jit_compiled_convolution_op while saving (showing 5 of 14). These functions will not be directly callable after loading.]
[2026-03-15 06:50:06,559: INFO: builder_impl:Assets written to: /tmp/tmpydb4ibeq/model/data/model/assets]
[2026-03-16 08:38:21,183: INFO: main:>>>>>> stage Data Ingestion stage started <<<<<< ]
[2026-03-16 08:38:21,186: INFO: common:yaml file: config/config.yaml loaded successfully]
[2026-03-16 08:38:21,189: INFO: common:yaml file: params.yaml loaded successfully]
[2026-03-16 08:38:21,192: INFO: common:created directory at: artifacts]
[2026-03-16 08:38:21,193: INFO: common:created directory at: artifacts/data_ingestion]
[2026-03-16 08:38:21,194: INFO: data_ingestion:Downloading data from https://drive.google.com/file/d/1vlhZ5c7abUKF8xXERIw6m9Te8fW7ohw3/view?usp=sharing into file artifacts/data_ingestion/data.zip]
[2026-03-16 08:41:13,950: INFO: data_ingestion:Downloaded data from https://drive.google.com/file/d/1vlhZ5c7abUKF8xXERIw6m9Te8fW7ohw3/view?usp=sharing into file artifacts/data_ingestion/data.zip]
[2026-03-16 08:41:14,981: INFO: main:>>>>>> stage Data Ingestion stage completed <<<<<< 

x ========== x]
[2026-03-16 08:41:14,981: INFO: main:*******************]
[2026-03-16 08:41:14,981: INFO: main:>>>>>> stage Prepare base model stage started <<<<<< ]
[2026-03-16 08:41:14,986: INFO: common:yaml file: config/config.yaml loaded successfully]
[2026-03-16 08:41:14,989: INFO: common:yaml file: params.yaml loaded successfully]
[2026-03-16 08:41:14,991: INFO: common:created directory at: artifacts]
[2026-03-16 08:41:14,992: INFO: common:created directory at: artifacts/prepare_base_model]
[2026-03-16 08:41:16,444: WARNING: saving_utils:Compiled the loaded model, but the compiled metrics have yet to be built. `model.compile_metrics` will be empty until you train or evaluate the model.]
[2026-03-16 08:41:16,851: INFO: main:>>>>>> stage Prepare base model stage completed <<<<<< 

x ========== x]
[2026-03-16 08:41:16,852: INFO: main:*******************]
[2026-03-16 08:41:16,852: INFO: main:>>>>>> stage Training started <<<<<<]
[2026-03-16 08:41:16,854: INFO: common:yaml file: config/config.yaml loaded successfully]
[2026-03-16 08:41:16,856: INFO: common:yaml file: params.yaml loaded successfully]
[2026-03-16 08:41:16,857: INFO: common:created directory at: artifacts]
[2026-03-16 08:41:16,858: INFO: common:created directory at: artifacts/training]
[2026-03-16 08:42:44,375: INFO: main:>>>>>> stage Training completed <<<<<<

x==========x]
[2026-03-16 08:42:44,375: INFO: main:*******************]
[2026-03-16 08:42:44,375: INFO: main:>>>>>> stage Evaluation stage started <<<<<<]
[2026-03-16 08:42:44,380: INFO: common:yaml file: config/config.yaml loaded successfully]
[2026-03-16 08:42:44,383: INFO: common:yaml file: params.yaml loaded successfully]
[2026-03-16 08:42:44,383: INFO: common:created directory at: artifacts]
[2026-03-16 08:43:13,098: INFO: common:json file saved at: scores.json]
[2026-03-16 08:43:13,119: INFO: common:json file saved at: scores.json]
[2026-03-16 08:43:13,120: INFO: main:>>>>>> stage Evaluation stage completed <<<<<<

x==========x]
[2026-03-16 09:03:27,909: INFO: main:>>>>>> stage Data Ingestion stage started <<<<<< ]
[2026-03-16 09:03:27,911: INFO: common:yaml file: config/config.yaml loaded successfully]
[2026-03-16 09:03:27,912: INFO: common:yaml file: params.yaml loaded successfully]
[2026-03-16 09:03:27,913: INFO: common:created directory at: artifacts]
[2026-03-16 09:03:27,913: INFO: common:created directory at: artifacts/data_ingestion]
[2026-03-16 09:03:27,914: INFO: data_ingestion:Downloading data from https://drive.google.com/file/d/1vlhZ5c7abUKF8xXERIw6m9Te8fW7ohw3/view?usp=sharing into file artifacts/data_ingestion/data.zip]
[2026-03-16 09:06:58,521: INFO: data_ingestion:Downloaded data from https://drive.google.com/file/d/1vlhZ5c7abUKF8xXERIw6m9Te8fW7ohw3/view?usp=sharing into file artifacts/data_ingestion/data.zip]
[2026-03-16 09:07:00,050: INFO: main:>>>>>> stage Data Ingestion stage completed <<<<<< 

x ========== x]
[2026-03-16 09:07:00,051: INFO: main:*******************]
[2026-03-16 09:07:00,051: INFO: main:>>>>>> stage Prepare base model stage started <<<<<< ]
[2026-03-16 09:07:00,053: INFO: common:yaml file: config/config.yaml loaded successfully]
[2026-03-16 09:07:00,055: INFO: common:yaml file: params.yaml loaded successfully]
[2026-03-16 09:07:00,056: INFO: common:created directory at: artifacts]
[2026-03-16 09:07:00,057: INFO: common:created directory at: artifacts/prepare_base_model]
[2026-03-16 09:07:01,531: WARNING: saving_utils:Compiled the loaded model, but the compiled metrics have yet to be built. `model.compile_metrics` will be empty until you train or evaluate the model.]
[2026-03-16 09:07:02,069: INFO: main:>>>>>> stage Prepare base model stage completed <<<<<< 

x ========== x]
[2026-03-16 09:07:02,070: INFO: main:*******************]
[2026-03-16 09:07:02,070: INFO: main:>>>>>> stage Training started <<<<<<]
[2026-03-16 09:07:02,071: INFO: common:yaml file: config/config.yaml loaded successfully]
[2026-03-16 09:07:02,073: INFO: common:yaml file: params.yaml loaded successfully]
[2026-03-16 09:07:02,073: INFO: common:created directory at: artifacts]
[2026-03-16 09:07:02,073: INFO: common:created directory at: artifacts/training]
[2026-03-16 09:09:26,457: INFO: main:>>>>>> stage Training completed <<<<<<

x==========x]
[2026-03-16 09:09:26,457: INFO: main:*******************]
[2026-03-16 09:09:26,457: INFO: main:>>>>>> stage Evaluation stage started <<<<<<]
[2026-03-16 09:09:26,458: INFO: common:yaml file: config/config.yaml loaded successfully]
[2026-03-16 09:09:26,459: INFO: common:yaml file: params.yaml loaded successfully]
[2026-03-16 09:09:26,460: INFO: common:created directory at: artifacts]
[2026-03-16 09:09:56,864: INFO: common:json file saved at: scores.json]
[2026-03-16 09:09:56,869: INFO: common:json file saved at: scores.json]
[2026-03-16 09:09:56,870: INFO: main:>>>>>> stage Evaluation stage completed <<<<<<

x==========x]
[2026-03-16 09:24:45,457: INFO: main:>>>>>> stage Data Ingestion stage started <<<<<< ]
[2026-03-16 09:24:45,458: INFO: common:yaml file: config/config.yaml loaded successfully]
[2026-03-16 09:24:45,460: INFO: common:yaml file: params.yaml loaded successfully]
[2026-03-16 09:24:45,460: INFO: common:created directory at: artifacts]
[2026-03-16 09:24:45,461: INFO: common:created directory at: artifacts/data_ingestion]
[2026-03-16 09:24:45,461: INFO: data_ingestion:Downloading data from https://drive.google.com/file/d/1vlhZ5c7abUKF8xXERIw6m9Te8fW7ohw3/view?usp=sharing into file artifacts/data_ingestion/data.zip]
[2026-03-16 09:27:45,727: INFO: data_ingestion:Downloaded data from https://drive.google.com/file/d/1vlhZ5c7abUKF8xXERIw6m9Te8fW7ohw3/view?usp=sharing into file artifacts/data_ingestion/data.zip]
[2026-03-16 09:27:46,264: INFO: main:>>>>>> stage Data Ingestion stage completed <<<<<< 

x ========== x]
[2026-03-16 09:27:46,264: INFO: main:*******************]
[2026-03-16 09:27:46,264: INFO: main:>>>>>> stage Prepare base model stage started <<<<<< ]
[2026-03-16 09:27:46,266: INFO: common:yaml file: config/config.yaml loaded successfully]
[2026-03-16 09:27:46,268: INFO: common:yaml file: params.yaml loaded successfully]
[2026-03-16 09:27:46,268: INFO: common:created directory at: artifacts]
[2026-03-16 09:27:46,269: INFO: common:created directory at: artifacts/prepare_base_model]
[2026-03-16 09:27:46,771: WARNING: saving_utils:Compiled the loaded model, but the compiled metrics have yet to be built. `model.compile_metrics` will be empty until you train or evaluate the model.]
[2026-03-16 09:27:47,006: INFO: main:>>>>>> stage Prepare base model stage completed <<<<<< 

x ========== x]
[2026-03-16 09:27:47,006: INFO: main:*******************]
[2026-03-16 09:27:47,006: INFO: main:>>>>>> stage Training started <<<<<<]
[2026-03-16 09:27:47,008: INFO: common:yaml file: config/config.yaml loaded successfully]
[2026-03-16 09:27:47,009: INFO: common:yaml file: params.yaml loaded successfully]
[2026-03-16 09:27:47,009: INFO: common:created directory at: artifacts]
[2026-03-16 09:27:47,010: INFO: common:created directory at: artifacts/training]
[2026-03-16 09:29:22,126: INFO: main:>>>>>> stage Training completed <<<<<<

x==========x]
[2026-03-16 09:29:22,126: INFO: main:*******************]
[2026-03-16 09:29:22,126: INFO: main:>>>>>> stage Evaluation stage started <<<<<<]
[2026-03-16 09:29:22,128: INFO: common:yaml file: config/config.yaml loaded successfully]
[2026-03-16 09:29:22,129: INFO: common:yaml file: params.yaml loaded successfully]
[2026-03-16 09:29:22,130: INFO: common:created directory at: artifacts]
[2026-03-16 09:29:53,852: INFO: common:json file saved at: scores.json]
[2026-03-16 09:29:53,853: INFO: common:json file saved at: scores.json]
[2026-03-16 09:29:53,853: INFO: main:>>>>>> stage Evaluation stage completed <<<<<<

x==========x]
[2026-03-16 09:55:45,308: INFO: main:>>>>>> stage Data Ingestion stage started <<<<<< ]
[2026-03-16 09:55:45,309: INFO: common:yaml file: config/config.yaml loaded successfully]
[2026-03-16 09:55:45,310: INFO: common:yaml file: params.yaml loaded successfully]
[2026-03-16 09:55:45,311: INFO: common:created directory at: artifacts]
[2026-03-16 09:55:45,311: INFO: common:created directory at: artifacts/data_ingestion]
[2026-03-16 09:55:45,311: INFO: data_ingestion:Downloading data from https://drive.google.com/file/d/1vlhZ5c7abUKF8xXERIw6m9Te8fW7ohw3/view?usp=sharing into file artifacts/data_ingestion/data.zip]
[2026-03-16 09:57:48,144: INFO: data_ingestion:Downloaded data from https://drive.google.com/file/d/1vlhZ5c7abUKF8xXERIw6m9Te8fW7ohw3/view?usp=sharing into file artifacts/data_ingestion/data.zip]
[2026-03-16 09:57:48,992: INFO: main:>>>>>> stage Data Ingestion stage completed <<<<<< 

x ========== x]
[2026-03-16 09:57:48,992: INFO: main:*******************]
[2026-03-16 09:57:48,992: INFO: main:>>>>>> stage Prepare base model stage started <<<<<< ]
[2026-03-16 09:57:48,997: INFO: common:yaml file: config/config.yaml loaded successfully]
[2026-03-16 09:57:49,000: INFO: common:yaml file: params.yaml loaded successfully]
[2026-03-16 09:57:49,001: INFO: common:created directory at: artifacts]
[2026-03-16 09:57:49,002: INFO: common:created directory at: artifacts/prepare_base_model]
[2026-03-16 09:57:49,919: WARNING: saving_utils:Compiled the loaded model, but the compiled metrics have yet to be built. `model.compile_metrics` will be empty until you train or evaluate the model.]
[2026-03-16 09:57:50,445: INFO: main:>>>>>> stage Prepare base model stage completed <<<<<< 

x ========== x]
[2026-03-16 09:57:50,445: INFO: main:*******************]
[2026-03-16 09:57:50,445: INFO: main:>>>>>> stage Training started <<<<<<]
[2026-03-16 09:57:50,447: INFO: common:yaml file: config/config.yaml loaded successfully]
[2026-03-16 09:57:50,448: INFO: common:yaml file: params.yaml loaded successfully]
[2026-03-16 09:57:50,449: INFO: common:created directory at: artifacts]
[2026-03-16 09:57:50,449: INFO: common:created directory at: artifacts/training]
[2026-03-16 09:59:36,194: INFO: main:>>>>>> stage Training completed <<<<<<

x==========x]
[2026-03-16 09:59:36,195: INFO: main:*******************]
[2026-03-16 09:59:36,195: INFO: main:>>>>>> stage Evaluation stage started <<<<<<]
[2026-03-16 09:59:36,198: INFO: common:yaml file: config/config.yaml loaded successfully]
[2026-03-16 09:59:36,199: INFO: common:yaml file: params.yaml loaded successfully]
[2026-03-16 09:59:36,200: INFO: common:created directory at: artifacts]
[2026-03-16 10:00:08,830: INFO: common:json file saved at: scores.json]
[2026-03-16 10:00:08,832: INFO: common:json file saved at: scores.json]
[2026-03-16 10:00:13,615: WARNING: save:Found untraced functions such as _jit_compiled_convolution_op, _jit_compiled_convolution_op, _jit_compiled_convolution_op, _jit_compiled_convolution_op, _jit_compiled_convolution_op while saving (showing 5 of 14). These functions will not be directly callable after loading.]
[2026-03-16 10:00:14,209: INFO: builder_impl:Assets written to: /tmp/tmp5xwu5ffp/model/data/model/assets]
[2026-03-16 10:08:14,868: INFO: main:>>>>>> stage Data Ingestion stage started <<<<<< ]
[2026-03-16 10:08:14,870: INFO: common:yaml file: config/config.yaml loaded successfully]
[2026-03-16 10:08:14,871: INFO: common:yaml file: params.yaml loaded successfully]
[2026-03-16 10:08:14,872: INFO: common:created directory at: artifacts]
[2026-03-16 10:08:14,872: INFO: common:created directory at: artifacts/data_ingestion]
[2026-03-16 10:08:14,872: INFO: data_ingestion:Downloading data from https://drive.google.com/file/d/1vlhZ5c7abUKF8xXERIw6m9Te8fW7ohw3/view?usp=sharing into file artifacts/data_ingestion/data.zip]
[2026-03-16 10:10:47,149: INFO: data_ingestion:Downloaded data from https://drive.google.com/file/d/1vlhZ5c7abUKF8xXERIw6m9Te8fW7ohw3/view?usp=sharing into file artifacts/data_ingestion/data.zip]
[2026-03-16 10:10:47,945: INFO: main:>>>>>> stage Data Ingestion stage completed <<<<<< 

x ========== x]
[2026-03-16 10:10:47,945: INFO: main:*******************]
[2026-03-16 10:10:47,945: INFO: main:>>>>>> stage Prepare base model stage started <<<<<< ]
[2026-03-16 10:10:47,947: INFO: common:yaml file: config/config.yaml loaded successfully]
[2026-03-16 10:10:47,948: INFO: common:yaml file: params.yaml loaded successfully]
[2026-03-16 10:10:47,949: INFO: common:created directory at: artifacts]
[2026-03-16 10:10:47,949: INFO: common:created directory at: artifacts/prepare_base_model]
[2026-03-16 10:10:48,825: WARNING: saving_utils:Compiled the loaded model, but the compiled metrics have yet to be built. `model.compile_metrics` will be empty until you train or evaluate the model.]
[2026-03-16 10:10:49,200: INFO: main:>>>>>> stage Prepare base model stage completed <<<<<< 

x ========== x]
[2026-03-16 10:10:49,200: INFO: main:*******************]
[2026-03-16 10:10:49,200: INFO: main:>>>>>> stage Training started <<<<<<]
[2026-03-16 10:10:49,203: INFO: common:yaml file: config/config.yaml loaded successfully]
[2026-03-16 10:10:49,204: INFO: common:yaml file: params.yaml loaded successfully]
[2026-03-16 10:10:49,205: INFO: common:created directory at: artifacts]
[2026-03-16 10:10:49,206: INFO: common:created directory at: artifacts/training]
[2026-03-16 10:13:43,014: INFO: main:>>>>>> stage Training completed <<<<<<

x==========x]
[2026-03-16 10:13:43,014: INFO: main:*******************]
[2026-03-16 10:13:43,015: INFO: main:>>>>>> stage Evaluation stage started <<<<<<]
[2026-03-16 10:13:43,019: INFO: common:yaml file: config/config.yaml loaded successfully]
[2026-03-16 10:13:43,021: INFO: common:yaml file: params.yaml loaded successfully]
[2026-03-16 10:13:43,022: INFO: common:created directory at: artifacts]
[2026-03-16 10:14:12,671: INFO: common:json file saved at: scores.json]
[2026-03-16 10:14:12,689: INFO: common:json file saved at: scores.json]
[2026-03-16 10:14:18,046: WARNING: save:Found untraced functions such as _jit_compiled_convolution_op, _jit_compiled_convolution_op, _jit_compiled_convolution_op, _jit_compiled_convolution_op, _jit_compiled_convolution_op while saving (showing 5 of 14). These functions will not be directly callable after loading.]
[2026-03-16 10:14:18,670: INFO: builder_impl:Assets written to: /tmp/tmp51o5w_a8/model/data/model/assets]
[2026-03-16 10:19:23,168: INFO: main:>>>>>> stage Evaluation stage completed <<<<<<

x==========x]
[2026-03-26 13:34:20,206: INFO: stage_01_data_ingestion:>>>>>> stage Data Ingestion stage started <<<<<< ]
[2026-03-26 13:34:20,208: INFO: common:yaml file: config/config.yaml loaded successfully]
[2026-03-26 13:34:20,211: INFO: common:yaml file: params.yaml loaded successfully]
[2026-03-26 13:34:20,212: INFO: common:created directory at: artifacts]
[2026-03-26 13:34:20,213: INFO: common:created directory at: artifacts/data_ingestion]
[2026-03-26 13:34:20,214: INFO: data_ingestion:Downloading data from https://drive.google.com/file/d/1vlhZ5c7abUKF8xXERIw6m9Te8fW7ohw3/view?usp=sharing into file artifacts/data_ingestion/data.zip]
[2026-03-26 13:36:25,284: INFO: stage_01_data_ingestion:>>>>>> stage Data Ingestion stage started <<<<<< ]
[2026-03-26 13:36:25,286: INFO: common:yaml file: config/config.yaml loaded successfully]
[2026-03-26 13:36:25,287: INFO: common:yaml file: params.yaml loaded successfully]
[2026-03-26 13:36:25,287: INFO: common:created directory at: artifacts]
[2026-03-26 13:36:25,288: INFO: common:created directory at: artifacts/data_ingestion]
[2026-03-26 13:36:25,288: INFO: data_ingestion:Downloading data from https://drive.google.com/file/d/1vlhZ5c7abUKF8xXERIw6m9Te8fW7ohw3/view?usp=sharing into file artifacts/data_ingestion/data.zip]
[2026-03-26 13:39:14,374: INFO: data_ingestion:Downloaded data from https://drive.google.com/file/d/1vlhZ5c7abUKF8xXERIw6m9Te8fW7ohw3/view?usp=sharing into file artifacts/data_ingestion/data.zip]
[2026-03-26 13:39:15,124: INFO: stage_01_data_ingestion:>>>>>> stage Data Ingestion stage completed <<<<<< 

x ========== x]
[2026-03-26 13:43:22,665: INFO: stage_01_data_ingestion:>>>>>> stage Data Ingestion stage started <<<<<< ]
[2026-03-26 13:43:22,666: INFO: common:yaml file: config/config.yaml loaded successfully]
[2026-03-26 13:43:22,667: INFO: common:yaml file: params.yaml loaded successfully]
[2026-03-26 13:43:22,668: INFO: common:created directory at: artifacts]
[2026-03-26 13:43:22,668: INFO: common:created directory at: artifacts/data_ingestion]
[2026-03-26 13:43:22,668: INFO: data_ingestion:Downloading data from https://drive.google.com/file/d/1vlhZ5c7abUKF8xXERIw6m9Te8fW7ohw3/view?usp=sharing into file artifacts/data_ingestion/data.zip]
[2026-03-26 13:46:06,092: INFO: data_ingestion:Downloaded data from https://drive.google.com/file/d/1vlhZ5c7abUKF8xXERIw6m9Te8fW7ohw3/view?usp=sharing into file artifacts/data_ingestion/data.zip]
[2026-03-26 13:46:06,626: INFO: stage_01_data_ingestion:>>>>>> stage Data Ingestion stage completed <<<<<< 

x ========== x]
[2026-03-27 04:20:51,965: INFO: stage_01_data_ingestion:>>>>>> stage Data Ingestion stage started <<<<<< ]
[2026-03-27 04:20:51,969: INFO: common:yaml file: config/config.yaml loaded successfully]
[2026-03-27 04:20:51,972: INFO: common:yaml file: params.yaml loaded successfully]
[2026-03-27 04:20:51,973: INFO: common:created directory at: artifacts]
[2026-03-27 04:20:51,974: INFO: common:created directory at: artifacts/data_ingestion]
[2026-03-27 04:20:51,974: INFO: data_ingestion:Downloading data from https://drive.google.com/file/d/1vlhZ5c7abUKF8xXERIw6m9Te8fW7ohw3/view?usp=sharing into file artifacts/data_ingestion/data.zip]
[2026-03-27 04:21:53,409: INFO: data_ingestion:Downloaded data from https://drive.google.com/file/d/1vlhZ5c7abUKF8xXERIw6m9Te8fW7ohw3/view?usp=sharing into file artifacts/data_ingestion/data.zip]
[2026-03-27 04:21:54,359: INFO: stage_01_data_ingestion:>>>>>> stage Data Ingestion stage completed <<<<<< 

x ========== x]
[2026-03-27 04:24:45,573: INFO: stage_02_prepare_base_model:*******************]
[2026-03-27 04:24:45,574: INFO: stage_02_prepare_base_model:>>>>>> stage Prepare base model started <<<<<< ]
[2026-03-27 04:24:45,576: INFO: common:yaml file: config/config.yaml loaded successfully]
[2026-03-27 04:24:45,578: INFO: common:yaml file: params.yaml loaded successfully]
[2026-03-27 04:24:45,579: INFO: common:created directory at: artifacts]
[2026-03-27 04:24:45,579: INFO: common:created directory at: artifacts/prepare_base_model]
[2026-03-27 04:24:46,462: WARNING: saving_utils:Compiled the loaded model, but the compiled metrics have yet to be built. `model.compile_metrics` will be empty until you train or evaluate the model.]
[2026-03-27 04:24:46,811: INFO: stage_02_prepare_base_model:>>>>>> stage Prepare base model completed <<<<<< 

x ========== x]
[2026-03-27 04:24:51,244: INFO: stage_03_model_training:*******************]
[2026-03-27 04:24:51,244: INFO: stage_03_model_training:>>>>>> stage Training started <<<<<<]
[2026-03-27 04:24:51,247: INFO: common:yaml file: config/config.yaml loaded successfully]
[2026-03-27 04:24:51,248: INFO: common:yaml file: params.yaml loaded successfully]
[2026-03-27 04:24:51,249: INFO: common:created directory at: artifacts]
[2026-03-27 04:24:51,250: INFO: common:created directory at: artifacts/training]
[2026-03-27 04:26:24,610: INFO: stage_03_model_training:>>>>>> stage Training completed <<<<<<

x==========x]
[2026-03-27 04:26:32,796: INFO: stage_04_model_evaluation:*******************]
[2026-03-27 04:26:32,797: INFO: stage_04_model_evaluation:>>>>>> stage Evaluation stage started <<<<<<]
[2026-03-27 04:26:32,802: INFO: common:yaml file: config/config.yaml loaded successfully]
[2026-03-27 04:26:32,809: INFO: common:yaml file: params.yaml loaded successfully]
[2026-03-27 04:26:32,810: INFO: common:created directory at: artifacts]
[2026-03-27 04:27:03,078: INFO: common:json file saved at: scores.json]
[2026-03-27 04:27:03,079: INFO: common:json file saved at: scores.json]
[2026-03-27 04:27:03,080: INFO: stage_04_model_evaluation:>>>>>> stage Evaluation stage completed <<<<<<

x==========x]
[2026-03-27 04:40:28,116: INFO: _internal:[31m[1mWARNING: This is a development server. Do not use it in a production deployment. Use a production WSGI server instead.[0m
 * Running on all addresses (0.0.0.0)
 * Running on http://127.0.0.1:8080
 * Running on http://172.28.112.10:8080]
[2026-03-27 04:40:28,117: INFO: _internal:[33mPress CTRL+C to quit[0m]
[2026-03-27 04:40:32,262: INFO: _internal:127.0.0.1 - - [27/Mar/2026 04:40:32] "GET / HTTP/1.1" 200 -]
[2026-03-27 04:41:37,159: ERROR: app:Exception on /predict [POST]]
Traceback (most recent call last):
  File "/home/rahul/miniconda3/envs/kidney/lib/python3.8/site-packages/flask/app.py", line 2190, in wsgi_app
    response = self.full_dispatch_request()
  File "/home/rahul/miniconda3/envs/kidney/lib/python3.8/site-packages/flask/app.py", line 1486, in full_dispatch_request
    rv = self.handle_user_exception(e)
  File "/home/rahul/miniconda3/envs/kidney/lib/python3.8/site-packages/flask_cors/extension.py", line 194, in wrapped_function
    return cors_after_request(app.make_response(f(*args, **kwargs)))
  File "/home/rahul/miniconda3/envs/kidney/lib/python3.8/site-packages/flask/app.py", line 1484, in full_dispatch_request
    rv = self.dispatch_request()
  File "/home/rahul/miniconda3/envs/kidney/lib/python3.8/site-packages/flask/app.py", line 1469, in dispatch_request
    return self.ensure_sync(self.view_functions[rule.endpoint])(**view_args)
  File "/home/rahul/miniconda3/envs/kidney/lib/python3.8/site-packages/flask_cors/decorator.py", line 130, in wrapped_function
    resp = make_response(f(*args, **kwargs))
  File "app.py", line 44, in predictRoute
    result = clApp.classifier.predict()
  File "/home/rahul/Kidney-Disease-Classification-MLflow-DVC/src/cnnClassifier/pipeline/prediction.py", line 16, in predict
    model = load_model(os.path.join("model", "model.h5"))
  File "/home/rahul/miniconda3/envs/kidney/lib/python3.8/site-packages/keras/saving/saving_api.py", line 212, in load_model
    return legacy_sm_saving_lib.load_model(
  File "/home/rahul/miniconda3/envs/kidney/lib/python3.8/site-packages/keras/utils/traceback_utils.py", line 70, in error_handler
    raise e.with_traceback(filtered_tb) from None
  File "/home/rahul/miniconda3/envs/kidney/lib/python3.8/site-packages/keras/saving/legacy/save.py", line 230, in load_model
    raise IOError(
OSError: No file or directory found at model/model.h5
[2026-03-27 04:41:37,192: INFO: _internal:127.0.0.1 - - [27/Mar/2026 04:41:37] "[35m[1mPOST /predict HTTP/1.1[0m" 500 -]
[2026-03-27 04:59:29,322: INFO: _internal:127.0.0.1 - - [27/Mar/2026 04:59:29] "GET / HTTP/1.1" 200 -]
[2026-03-27 04:59:38,112: ERROR: app:Exception on /predict [POST]]
Traceback (most recent call last):
  File "/home/rahul/miniconda3/envs/kidney/lib/python3.8/site-packages/flask/app.py", line 2190, in wsgi_app
    response = self.full_dispatch_request()
  File "/home/rahul/miniconda3/envs/kidney/lib/python3.8/site-packages/flask/app.py", line 1486, in full_dispatch_request
    rv = self.handle_user_exception(e)
  File "/home/rahul/miniconda3/envs/kidney/lib/python3.8/site-packages/flask_cors/extension.py", line 194, in wrapped_function
    return cors_after_request(app.make_response(f(*args, **kwargs)))
  File "/home/rahul/miniconda3/envs/kidney/lib/python3.8/site-packages/flask/app.py", line 1484, in full_dispatch_request
    rv = self.dispatch_request()
  File "/home/rahul/miniconda3/envs/kidney/lib/python3.8/site-packages/flask/app.py", line 1469, in dispatch_request
    return self.ensure_sync(self.view_functions[rule.endpoint])(**view_args)
  File "/home/rahul/miniconda3/envs/kidney/lib/python3.8/site-packages/flask_cors/decorator.py", line 130, in wrapped_function
    resp = make_response(f(*args, **kwargs))
  File "app.py", line 44, in predictRoute
    result = clApp.classifier.predict()
  File "/home/rahul/Kidney-Disease-Classification-MLflow-DVC/src/cnnClassifier/pipeline/prediction.py", line 16, in predict
    model = load_model(os.path.join("model", "model.h5"))
  File "/home/rahul/miniconda3/envs/kidney/lib/python3.8/site-packages/keras/saving/saving_api.py", line 212, in load_model
    return legacy_sm_saving_lib.load_model(
  File "/home/rahul/miniconda3/envs/kidney/lib/python3.8/site-packages/keras/utils/traceback_utils.py", line 70, in error_handler
    raise e.with_traceback(filtered_tb) from None
  File "/home/rahul/miniconda3/envs/kidney/lib/python3.8/site-packages/keras/saving/legacy/save.py", line 230, in load_model
    raise IOError(
OSError: No file or directory found at model/model.h5
[2026-03-27 04:59:38,114: INFO: _internal:127.0.0.1 - - [27/Mar/2026 04:59:38] "[35m[1mPOST /predict HTTP/1.1[0m" 500 -]
[2026-03-27 05:05:31,789: INFO: _internal:127.0.0.1 - - [27/Mar/2026 05:05:31] "GET / HTTP/1.1" 200 -]
[2026-03-27 05:05:47,024: INFO: _internal:[31m[1mWARNING: This is a development server. Do not use it in a production deployment. Use a production WSGI server instead.[0m
 * Running on all addresses (0.0.0.0)
 * Running on http://127.0.0.1:8080
 * Running on http://172.28.112.10:8080]
[2026-03-27 05:05:47,024: INFO: _internal:[33mPress CTRL+C to quit[0m]
[2026-03-27 05:05:50,931: INFO: _internal:127.0.0.1 - - [27/Mar/2026 05:05:50] "GET / HTTP/1.1" 200 -]
[2026-03-27 05:06:10,725: INFO: _internal:127.0.0.1 - - [27/Mar/2026 05:06:10] "POST /predict HTTP/1.1" 200 -]
[2026-03-27 05:06:33,325: INFO: _internal:127.0.0.1 - - [27/Mar/2026 05:06:33] "POST /predict HTTP/1.1" 200 -]
[2026-03-27 05:06:37,019: INFO: _internal:127.0.0.1 - - [27/Mar/2026 05:06:37] "POST /predict HTTP/1.1" 200 -]
[2026-03-27 05:08:26,612: INFO: _internal:127.0.0.1 - - [27/Mar/2026 05:08:26] "POST /predict HTTP/1.1" 200 -]
[2026-03-27 05:18:13,514: INFO: _internal:[31m[1mWARNING: This is a development server. Do not use it in a production deployment. Use a production WSGI server instead.[0m
 * Running on all addresses (0.0.0.0)
 * Running on http://127.0.0.1:8080
 * Running on http://172.28.112.10:8080]
[2026-03-27 05:18:13,515: INFO: _internal:[33mPress CTRL+C to quit[0m]
[2026-03-27 05:18:39,452: INFO: _internal:[31m[1mWARNING: This is a development server. Do not use it in a production deployment. Use a production WSGI server instead.[0m
 * Running on all addresses (0.0.0.0)
 * Running on http://127.0.0.1:8080
 * Running on http://172.28.112.10:8080]
[2026-03-27 05:18:39,453: INFO: _internal:[33mPress CTRL+C to quit[0m]
[2026-03-27 05:18:42,595: INFO: _internal:127.0.0.1 - - [27/Mar/2026 05:18:42] "GET / HTTP/1.1" 200 -]
[2026-03-27 05:18:51,744: INFO: _internal:127.0.0.1 - - [27/Mar/2026 05:18:51] "POST /predict HTTP/1.1" 200 -]
[2026-03-27 05:18:58,176: INFO: _internal:127.0.0.1 - - [27/Mar/2026 05:18:58] "POST /predict HTTP/1.1" 200 -]
[2026-03-27 06:21:06,757: INFO: _internal:[31m[1mWARNING: This is a development server. Do not use it in a production deployment. Use a production WSGI server instead.[0m
 * Running on all addresses (0.0.0.0)
 * Running on http://127.0.0.1:8080
 * Running on http://172.28.112.10:8080]
[2026-03-27 06:21:06,758: INFO: _internal:[33mPress CTRL+C to quit[0m]
[2026-03-27 06:21:10,606: INFO: _internal:127.0.0.1 - - [27/Mar/2026 06:21:10] "GET / HTTP/1.1" 200 -]
[2026-03-27 06:21:28,066: INFO: _internal:127.0.0.1 - - [27/Mar/2026 06:21:28] "POST /predict HTTP/1.1" 200 -]
[2026-03-27 06:21:35,666: INFO: _internal:127.0.0.1 - - [27/Mar/2026 06:21:35] "POST /predict HTTP/1.1" 200 -]
[2026-03-27 09:59:39,465: INFO: main:>>>>>> stage Data Ingestion stage started <<<<<< ]
[2026-03-27 09:59:39,467: INFO: common:yaml file: config/config.yaml loaded successfully]
[2026-03-27 09:59:39,469: INFO: common:yaml file: params.yaml loaded successfully]
[2026-03-27 09:59:39,470: INFO: common:created directory at: artifacts]
[2026-03-27 09:59:39,470: INFO: common:created directory at: artifacts/data_ingestion]
[2026-03-27 09:59:39,470: INFO: data_ingestion:Downloading data from https://drive.google.com/file/d/1vlhZ5c7abUKF8xXERIw6m9Te8fW7ohw3/view?usp=sharing into file artifacts/data_ingestion/data.zip]
[2026-03-27 10:01:21,305: INFO: data_ingestion:Downloaded data from https://drive.google.com/file/d/1vlhZ5c7abUKF8xXERIw6m9Te8fW7ohw3/view?usp=sharing into file artifacts/data_ingestion/data.zip]
[2026-03-27 10:01:22,040: INFO: main:>>>>>> stage Data Ingestion stage completed <<<<<< 

x ========== x]
[2026-03-27 10:01:22,040: INFO: main:*******************]
[2026-03-27 10:01:22,040: INFO: main:>>>>>> stage Prepare base model stage started <<<<<< ]
[2026-03-27 10:01:22,041: INFO: common:yaml file: config/config.yaml loaded successfully]
[2026-03-27 10:01:22,042: INFO: common:yaml file: params.yaml loaded successfully]
[2026-03-27 10:01:22,042: INFO: common:created directory at: artifacts]
[2026-03-27 10:01:22,043: INFO: common:created directory at: artifacts/prepare_base_model]
[2026-03-27 10:01:23,014: WARNING: saving_utils:Compiled the loaded model, but the compiled metrics have yet to be built. `model.compile_metrics` will be empty until you train or evaluate the model.]
[2026-03-27 10:01:23,402: INFO: main:>>>>>> stage Prepare base model stage completed <<<<<< 

x ========== x]
[2026-03-27 10:01:23,402: INFO: main:*******************]
[2026-03-27 10:01:23,402: INFO: main:>>>>>> stage Training started <<<<<<]
[2026-03-27 10:01:23,404: INFO: common:yaml file: config/config.yaml loaded successfully]
[2026-03-27 10:01:23,405: INFO: common:yaml file: params.yaml loaded successfully]
[2026-03-27 10:01:23,406: INFO: common:created directory at: artifacts]
[2026-03-27 10:01:23,408: INFO: common:created directory at: artifacts/training]
[2026-03-27 10:03:00,677: INFO: main:>>>>>> stage Training completed <<<<<<

x==========x]
[2026-03-27 10:03:00,678: INFO: main:*******************]
[2026-03-27 10:03:00,678: INFO: main:>>>>>> stage Evaluation stage started <<<<<<]
[2026-03-27 10:03:00,680: INFO: common:yaml file: config/config.yaml loaded successfully]
[2026-03-27 10:03:00,682: INFO: common:yaml file: params.yaml loaded successfully]
[2026-03-27 10:03:00,682: INFO: common:created directory at: artifacts]
[2026-03-27 10:03:33,757: INFO: common:json file saved at: scores.json]
[2026-03-27 10:03:33,759: INFO: common:json file saved at: scores.json]
[2026-03-27 10:03:33,759: INFO: main:>>>>>> stage Evaluation stage completed <<<<<<

x==========x]
[2026-03-27 10:10:14,875: INFO: _internal:[31m[1mWARNING: This is a development server. Do not use it in a production deployment. Use a production WSGI server instead.[0m
 * Running on all addresses (0.0.0.0)
 * Running on http://127.0.0.1:8080
 * Running on http://172.28.112.10:8080]
[2026-03-27 10:10:14,875: INFO: _internal:[33mPress CTRL+C to quit[0m]
[2026-03-27 10:10:18,958: INFO: _internal:127.0.0.1 - - [27/Mar/2026 10:10:18] "GET / HTTP/1.1" 200 -]
[2026-03-27 10:10:29,986: INFO: _internal:127.0.0.1 - - [27/Mar/2026 10:10:29] "POST /predict HTTP/1.1" 200 -]
[2026-03-27 10:10:39,055: INFO: _internal:127.0.0.1 - - [27/Mar/2026 10:10:39] "POST /predict HTTP/1.1" 200 -]
